// Jest Snapshot v1, https://goo.gl/fbAQLP

exports[`Given a RegisterPage component When the component is rendered Then it should match it's snapshot 1`] = `
<div
  className="sc-gsnTZi kscNpA"
>
  <h2>
    REGISTER
  </h2>
  <div
    className="sc-bczRLJ hmTf"
  >
    <form
      autoComplete="off"
      noValidate={true}
      onSubmit={[Function]}
    >
      <div
        className="formField"
      >
        <label
          htmlFor="name"
        >
          Name
        </label>
        <input
          id="name"
          onChange={[Function]}
          placeholder="Name"
          type="text"
          value=""
        />
      </div>
      <div
        className="formField"
      >
        <label
          htmlFor="username"
        >
          Username
        </label>
        <input
          id="username"
          onChange={[Function]}
          placeholder="Username"
          type="text"
          value=""
        />
      </div>
      <div
        className="formField"
      >
        <label
          htmlFor="password"
        >
          Password
        </label>
        <input
          id="password"
          onChange={[Function]}
          placeholder="Password"
          type="password"
          value=""
        />
      </div>
      <button
        className="form-button"
        disabled={false}
        type="submit"
      >
        REGISTER
      </button>
      <div
        className="form-options"
      >
        Already have an account? 
        <a
          className=""
          href="/login"
          onClick={[Function]}
        >
          Login now
        </a>
      </div>
    </form>
  </div>
</div>
`;
